{"synthetic": false,
 "schemaVersion": "2025-09-10",
 "outputs":
 {"o": ["6f66c16d06dc556d.olean"],
  "m": false,
  "i": "0020d8cb6ef96fb7.ilean",
  "c": "7b046806ececb007.c"},
 "log":
 [{"message":
   ".> LEAN_PATH=/tmp/neurips-2026-dataset-paper-replication/supplementary/lean/.lake/packages/Cli/.lake/build/lib/lean:/tmp/neurips-2026-dataset-paper-replication/supplementary/lean/.lake/packages/batteries/.lake/build/lib/lean:/tmp/neurips-2026-dataset-paper-replication/supplementary/lean/.lake/packages/Qq/.lake/build/lib/lean:/tmp/neurips-2026-dataset-paper-replication/supplementary/lean/.lake/packages/aesop/.lake/build/lib/lean:/tmp/neurips-2026-dataset-paper-replication/supplementary/lean/.lake/packages/proofwidgets/.lake/build/lib/lean:/tmp/neurips-2026-dataset-paper-replication/supplementary/lean/.lake/packages/importGraph/.lake/build/lib/lean:/tmp/neurips-2026-dataset-paper-replication/supplementary/lean/.lake/packages/LeanSearchClient/.lake/build/lib/lean:/tmp/neurips-2026-dataset-paper-replication/supplementary/lean/.lake/packages/plausible/.lake/build/lib/lean:/tmp/neurips-2026-dataset-paper-replication/supplementary/lean/.lake/packages/mathlib/.lake/build/lib/lean:/tmp/neurips-2026-dataset-paper-replication/supplementary/lean/.lake/build/lib/lean /home/azureuser/.elan/toolchains/leanprover--lean4---v4.30.0-rc2/bin/lean /tmp/neurips-2026-dataset-paper-replication/supplementary/lean/HowardBridge/Impossibility.lean -o /tmp/neurips-2026-dataset-paper-replication/supplementary/lean/.lake/build/lib/lean/HowardBridge/Impossibility.olean -i /tmp/neurips-2026-dataset-paper-replication/supplementary/lean/.lake/build/lib/lean/HowardBridge/Impossibility.ilean -c /tmp/neurips-2026-dataset-paper-replication/supplementary/lean/.lake/build/ir/HowardBridge/Impossibility.c --setup /tmp/neurips-2026-dataset-paper-replication/supplementary/lean/.lake/build/ir/HowardBridge/Impossibility.setup.json --json",
   "level": "trace"}],
 "inputs":
 [["HowardBridge.Impossibility:deps",
   [["deps",
     [["HowardBridge/HowardBridge:extraDep",
       [["@HowardBridge:extraDep", "00000000000006bb"]]],
      ["imports",
       [["HowardBridge.Basic transitive imports (legacy)", "4979d84eaf141d63"],
        ["HowardBridge.Basic:importAllArts", "45f2df6c33bcceef"],
        ["HowardBridge.Quantization transitive imports (legacy)",
         "449554511893a8ea"],
        ["HowardBridge.Quantization:importAllArts", "8720307caac42f71"],
        ["HowardBridge.MasterTheorem transitive imports (legacy)",
         "30e955bbbb4ac262"],
        ["HowardBridge.MasterTheorem:importAllArts", "f957ebd8336abb72"],
        ["Mathlib transitive imports (legacy)", "d40a91411625139b"],
        ["Mathlib:importAllArts", "a6d191ca9538cc35"]]]]],
    ["libs",
     [["import dynlibs", "00000000000006bb"],
      ["package external libraries", "00000000000006bb"],
      ["module dynlibs", "00000000000006bb"],
      ["module plugins", "00000000000006bb"]]]]],
  ["Lean 4.30.0, commit 3dc1a088b6d2d8eafe25a7cd7ec7b58d731bd7cc",
   "2c8d2623007dfc36"],
  ["/tmp/neurips-2026-dataset-paper-replication/supplementary/lean/HowardBridge/Impossibility.lean",
   "3ada533d0102d347"],
  ["options", "00000000000006bb"],
  ["isModule: false", "feefd2a0d3a1847e"],
  ["Module.name: HowardBridge.Impossibility", "86dfad36fd77ff73"],
  ["Package.id?: (some HowardBridge)", "92513ecfb453484f"],
  ["Module.leanArgs: #[]", "00000000000006bb"]],
 "depHash": "676d8bc409d6e57e"}