{"synthetic": false,
 "schemaVersion": "2025-09-10",
 "outputs":
 {"o": ["c366e3bf80c7772f.olean"],
  "m": false,
  "i": "507b47239ab19f8a.ilean",
  "c": "0fffa6b3d5b45742.c"},
 "log":
 [{"message":
   ".> LEAN_PATH=/tmp/neurips-2026-dataset-paper-replication/supplementary/lean/.lake/packages/Cli/.lake/build/lib/lean:/tmp/neurips-2026-dataset-paper-replication/supplementary/lean/.lake/packages/batteries/.lake/build/lib/lean:/tmp/neurips-2026-dataset-paper-replication/supplementary/lean/.lake/packages/Qq/.lake/build/lib/lean:/tmp/neurips-2026-dataset-paper-replication/supplementary/lean/.lake/packages/aesop/.lake/build/lib/lean:/tmp/neurips-2026-dataset-paper-replication/supplementary/lean/.lake/packages/proofwidgets/.lake/build/lib/lean:/tmp/neurips-2026-dataset-paper-replication/supplementary/lean/.lake/packages/importGraph/.lake/build/lib/lean:/tmp/neurips-2026-dataset-paper-replication/supplementary/lean/.lake/packages/LeanSearchClient/.lake/build/lib/lean:/tmp/neurips-2026-dataset-paper-replication/supplementary/lean/.lake/packages/plausible/.lake/build/lib/lean:/tmp/neurips-2026-dataset-paper-replication/supplementary/lean/.lake/packages/mathlib/.lake/build/lib/lean:/tmp/neurips-2026-dataset-paper-replication/supplementary/lean/.lake/build/lib/lean /home/azureuser/.elan/toolchains/leanprover--lean4---v4.30.0-rc2/bin/lean /tmp/neurips-2026-dataset-paper-replication/supplementary/lean/HowardBridge/MasterTheorem.lean -o /tmp/neurips-2026-dataset-paper-replication/supplementary/lean/.lake/build/lib/lean/HowardBridge/MasterTheorem.olean -i /tmp/neurips-2026-dataset-paper-replication/supplementary/lean/.lake/build/lib/lean/HowardBridge/MasterTheorem.ilean -c /tmp/neurips-2026-dataset-paper-replication/supplementary/lean/.lake/build/ir/HowardBridge/MasterTheorem.c --setup /tmp/neurips-2026-dataset-paper-replication/supplementary/lean/.lake/build/ir/HowardBridge/MasterTheorem.setup.json --json",
   "level": "trace"},
  {"message":
   "HowardBridge/MasterTheorem.lean:182:30: `push_neg` has been deprecated. Prefer using `push Not` instead.\nIf you'd rather continue using `push_neg` in your project, you can implement it as follows:\n```\nopen Lean.Parser.Tactic in\nmacro \"push_neg\" cfg:optConfig loc:(location)? : tactic =>\n  `(tactic| push $cfg:optConfig Not $[$loc]?)\n```",
   "level": "warning"},
  {"message":
   "HowardBridge/MasterTheorem.lean:319:27: `push_neg` has been deprecated. Prefer using `push Not` instead.\nIf you'd rather continue using `push_neg` in your project, you can implement it as follows:\n```\nopen Lean.Parser.Tactic in\nmacro \"push_neg\" cfg:optConfig loc:(location)? : tactic =>\n  `(tactic| push $cfg:optConfig Not $[$loc]?)\n```",
   "level": "warning"},
  {"message":
   "HowardBridge/MasterTheorem.lean:362:34: unused variable `hb`\n\nNote: This linter can be disabled with `set_option linter.unusedVariables false`",
   "level": "warning"}],
 "inputs":
 [["HowardBridge.MasterTheorem:deps",
   [["deps",
     [["HowardBridge/HowardBridge:extraDep",
       [["@HowardBridge:extraDep", "00000000000006bb"]]],
      ["imports",
       [["HowardBridge.Basic transitive imports (legacy)", "4979d84eaf141d63"],
        ["HowardBridge.Basic:importAllArts", "45f2df6c33bcceef"],
        ["HowardBridge.Tight transitive imports (legacy)", "ce642748f3ca1d7a"],
        ["HowardBridge.Tight:importAllArts", "1b7aa20513a57c24"],
        ["HowardBridge.Adversarial transitive imports (legacy)",
         "19c83e05f3e94eac"],
        ["HowardBridge.Adversarial:importAllArts", "93cdb1d6f2b6440b"],
        ["HowardBridge.SharpConstant transitive imports (legacy)",
         "2bf83ab187ef126c"],
        ["HowardBridge.SharpConstant:importAllArts", "1075ac87860c54f3"],
        ["HowardBridge.BettingComparison transitive imports (legacy)",
         "27b0dd56fa3e705f"],
        ["HowardBridge.BettingComparison:importAllArts", "002eece8d9473d8a"],
        ["Mathlib transitive imports (legacy)", "d40a91411625139b"],
        ["Mathlib:importAllArts", "a6d191ca9538cc35"]]]]],
    ["libs",
     [["import dynlibs", "00000000000006bb"],
      ["package external libraries", "00000000000006bb"],
      ["module dynlibs", "00000000000006bb"],
      ["module plugins", "00000000000006bb"]]]]],
  ["Lean 4.30.0, commit 3dc1a088b6d2d8eafe25a7cd7ec7b58d731bd7cc",
   "2c8d2623007dfc36"],
  ["/tmp/neurips-2026-dataset-paper-replication/supplementary/lean/HowardBridge/MasterTheorem.lean",
   "7777d113be02a00c"],
  ["options", "00000000000006bb"],
  ["isModule: false", "feefd2a0d3a1847e"],
  ["Module.name: HowardBridge.MasterTheorem", "b7971e9471620dbd"],
  ["Package.id?: (some HowardBridge)", "92513ecfb453484f"],
  ["Module.leanArgs: #[]", "00000000000006bb"]],
 "depHash": "34b0e6e25fd82c52"}