{"synthetic": false,
 "schemaVersion": "2025-09-10",
 "outputs":
 {"o": ["38d2a81200028f23.olean"],
  "m": false,
  "i": "d9d011ad05aaa409.ilean",
  "c": "42c93469a3775659.c"},
 "log":
 [{"message":
   ".> LEAN_PATH=/tmp/neurips-2026-dataset-paper-replication/supplementary/lean/.lake/packages/Cli/.lake/build/lib/lean:/tmp/neurips-2026-dataset-paper-replication/supplementary/lean/.lake/packages/batteries/.lake/build/lib/lean:/tmp/neurips-2026-dataset-paper-replication/supplementary/lean/.lake/packages/Qq/.lake/build/lib/lean:/tmp/neurips-2026-dataset-paper-replication/supplementary/lean/.lake/packages/aesop/.lake/build/lib/lean:/tmp/neurips-2026-dataset-paper-replication/supplementary/lean/.lake/packages/proofwidgets/.lake/build/lib/lean:/tmp/neurips-2026-dataset-paper-replication/supplementary/lean/.lake/packages/importGraph/.lake/build/lib/lean:/tmp/neurips-2026-dataset-paper-replication/supplementary/lean/.lake/packages/LeanSearchClient/.lake/build/lib/lean:/tmp/neurips-2026-dataset-paper-replication/supplementary/lean/.lake/packages/plausible/.lake/build/lib/lean:/tmp/neurips-2026-dataset-paper-replication/supplementary/lean/.lake/packages/mathlib/.lake/build/lib/lean:/tmp/neurips-2026-dataset-paper-replication/supplementary/lean/.lake/build/lib/lean /home/azureuser/.elan/toolchains/leanprover--lean4---v4.30.0-rc2/bin/lean /tmp/neurips-2026-dataset-paper-replication/supplementary/lean/HowardBridge/SharpConstant.lean -o /tmp/neurips-2026-dataset-paper-replication/supplementary/lean/.lake/build/lib/lean/HowardBridge/SharpConstant.olean -i /tmp/neurips-2026-dataset-paper-replication/supplementary/lean/.lake/build/lib/lean/HowardBridge/SharpConstant.ilean -c /tmp/neurips-2026-dataset-paper-replication/supplementary/lean/.lake/build/ir/HowardBridge/SharpConstant.c --setup /tmp/neurips-2026-dataset-paper-replication/supplementary/lean/.lake/build/ir/HowardBridge/SharpConstant.setup.json --json",
   "level": "trace"},
  {"message":
   "HowardBridge/SharpConstant.lean:291:5: unused variable `h_pos`\n\nNote: This linter can be disabled with `set_option linter.unusedVariables false`",
   "level": "warning"},
  {"message":
   "HowardBridge/SharpConstant.lean:292:5: unused variable `h_fin`\n\nNote: This linter can be disabled with `set_option linter.unusedVariables false`",
   "level": "warning"}],
 "inputs":
 [["HowardBridge.SharpConstant:deps",
   [["deps",
     [["HowardBridge/HowardBridge:extraDep",
       [["@HowardBridge:extraDep", "00000000000006bb"]]],
      ["imports",
       [["HowardBridge.Basic transitive imports (legacy)", "4979d84eaf141d63"],
        ["HowardBridge.Basic:importAllArts", "45f2df6c33bcceef"],
        ["HowardBridge.Tight transitive imports (legacy)", "ce642748f3ca1d7a"],
        ["HowardBridge.Tight:importAllArts", "1b7aa20513a57c24"],
        ["HowardBridge.Adversarial transitive imports (legacy)",
         "19c83e05f3e94eac"],
        ["HowardBridge.Adversarial:importAllArts", "93cdb1d6f2b6440b"],
        ["Mathlib transitive imports (legacy)", "d40a91411625139b"],
        ["Mathlib:importAllArts", "a6d191ca9538cc35"]]]]],
    ["libs",
     [["import dynlibs", "00000000000006bb"],
      ["package external libraries", "00000000000006bb"],
      ["module dynlibs", "00000000000006bb"],
      ["module plugins", "00000000000006bb"]]]]],
  ["Lean 4.30.0, commit 3dc1a088b6d2d8eafe25a7cd7ec7b58d731bd7cc",
   "2c8d2623007dfc36"],
  ["/tmp/neurips-2026-dataset-paper-replication/supplementary/lean/HowardBridge/SharpConstant.lean",
   "1963890f6af6ab43"],
  ["options", "00000000000006bb"],
  ["isModule: false", "feefd2a0d3a1847e"],
  ["Module.name: HowardBridge.SharpConstant", "dbb8f014caef2a45"],
  ["Package.id?: (some HowardBridge)", "92513ecfb453484f"],
  ["Module.leanArgs: #[]", "00000000000006bb"]],
 "depHash": "597237d9b20a54c4"}