{"synthetic": false,
 "schemaVersion": "2025-09-10",
 "outputs":
 {"o": ["8704a8a51dd146b7.olean"],
  "m": false,
  "i": "e97c207fe2942847.ilean",
  "c": "3bf8a1d4cf427dd5.c"},
 "log":
 [{"message":
   ".> LEAN_PATH=/tmp/neurips-2026-dataset-paper-replication/supplementary/lean/.lake/packages/Cli/.lake/build/lib/lean:/tmp/neurips-2026-dataset-paper-replication/supplementary/lean/.lake/packages/batteries/.lake/build/lib/lean:/tmp/neurips-2026-dataset-paper-replication/supplementary/lean/.lake/packages/Qq/.lake/build/lib/lean:/tmp/neurips-2026-dataset-paper-replication/supplementary/lean/.lake/packages/aesop/.lake/build/lib/lean:/tmp/neurips-2026-dataset-paper-replication/supplementary/lean/.lake/packages/proofwidgets/.lake/build/lib/lean:/tmp/neurips-2026-dataset-paper-replication/supplementary/lean/.lake/packages/importGraph/.lake/build/lib/lean:/tmp/neurips-2026-dataset-paper-replication/supplementary/lean/.lake/packages/LeanSearchClient/.lake/build/lib/lean:/tmp/neurips-2026-dataset-paper-replication/supplementary/lean/.lake/packages/plausible/.lake/build/lib/lean:/tmp/neurips-2026-dataset-paper-replication/supplementary/lean/.lake/packages/mathlib/.lake/build/lib/lean:/tmp/neurips-2026-dataset-paper-replication/supplementary/lean/.lake/build/lib/lean /home/azureuser/.elan/toolchains/leanprover--lean4---v4.30.0-rc2/bin/lean /tmp/neurips-2026-dataset-paper-replication/supplementary/lean/HowardBridge.lean -o /tmp/neurips-2026-dataset-paper-replication/supplementary/lean/.lake/build/lib/lean/HowardBridge.olean -i /tmp/neurips-2026-dataset-paper-replication/supplementary/lean/.lake/build/lib/lean/HowardBridge.ilean -c /tmp/neurips-2026-dataset-paper-replication/supplementary/lean/.lake/build/ir/HowardBridge.c --setup /tmp/neurips-2026-dataset-paper-replication/supplementary/lean/.lake/build/ir/HowardBridge.setup.json --json",
   "level": "trace"}],
 "inputs":
 [["HowardBridge:deps",
   [["deps",
     [["HowardBridge/HowardBridge:extraDep",
       [["@HowardBridge:extraDep", "00000000000006bb"]]],
      ["imports",
       [["HowardBridge.Basic transitive imports (legacy)", "4979d84eaf141d63"],
        ["HowardBridge.Basic:importAllArts", "45f2df6c33bcceef"],
        ["HowardBridge.Tight transitive imports (legacy)", "ce642748f3ca1d7a"],
        ["HowardBridge.Tight:importAllArts", "1b7aa20513a57c24"],
        ["HowardBridge.Adversarial transitive imports (legacy)",
         "19c83e05f3e94eac"],
        ["HowardBridge.Adversarial:importAllArts", "93cdb1d6f2b6440b"],
        ["HowardBridge.Quantization transitive imports (legacy)",
         "449554511893a8ea"],
        ["HowardBridge.Quantization:importAllArts", "8720307caac42f71"],
        ["HowardBridge.SharpConstant transitive imports (legacy)",
         "2bf83ab187ef126c"],
        ["HowardBridge.SharpConstant:importAllArts", "1075ac87860c54f3"],
        ["HowardBridge.BettingComparison transitive imports (legacy)",
         "27b0dd56fa3e705f"],
        ["HowardBridge.BettingComparison:importAllArts", "002eece8d9473d8a"],
        ["HowardBridge.MasterTheorem transitive imports (legacy)",
         "30e955bbbb4ac262"],
        ["HowardBridge.MasterTheorem:importAllArts", "f957ebd8336abb72"],
        ["HowardBridge.Impossibility transitive imports (legacy)",
         "d1307f526903927c"],
        ["HowardBridge.Impossibility:importAllArts", "fe716b6052512bf6"],
        ["HowardBridge.Sandwich transitive imports (legacy)",
         "d1307f526903927c"],
        ["HowardBridge.Sandwich:importAllArts", "9ce388318f772742"],
        ["HowardBridge.EquivalenceBreaking transitive imports (legacy)",
         "d7163039c06e29b5"],
        ["HowardBridge.EquivalenceBreaking:importAllArts", "dfde9fdafccee1cf"],
        ["HowardBridge.MetaConstruction transitive imports (legacy)",
         "d1307f526903927c"],
        ["HowardBridge.MetaConstruction:importAllArts", "a1374aa274148840"],
        ["HowardBridge.Asymptotic transitive imports (legacy)",
         "f1688cd9a48ad554"],
        ["HowardBridge.Asymptotic:importAllArts", "869cf76083f5cfe7"],
        ["HowardBridge.Research transitive imports (legacy)",
         "29f6634680dea767"],
        ["HowardBridge.Research:importAllArts", "66cf70b20f79de2c"]]]]],
    ["libs",
     [["import dynlibs", "00000000000006bb"],
      ["package external libraries", "00000000000006bb"],
      ["module dynlibs", "00000000000006bb"],
      ["module plugins", "00000000000006bb"]]]]],
  ["Lean 4.30.0, commit 3dc1a088b6d2d8eafe25a7cd7ec7b58d731bd7cc",
   "2c8d2623007dfc36"],
  ["/tmp/neurips-2026-dataset-paper-replication/supplementary/lean/HowardBridge.lean",
   "1c337e8642b7e7b6"],
  ["options", "00000000000006bb"],
  ["isModule: false", "feefd2a0d3a1847e"],
  ["Module.name: HowardBridge", "67b68b7926a82524"],
  ["Package.id?: (some HowardBridge)", "92513ecfb453484f"],
  ["Module.leanArgs: #[]", "00000000000006bb"]],
 "depHash": "c363860446546522"}